Script started on 2018-11-09 15:47:36-07:00
]0;mila.hoogstraat@csa3:~mila.hoogstraat@csa3:~$ gdb assign.[K4.out
GNU gdb (GDB) Fedora 8.1.1-3.fc28
Copyright (C) 2018 Free Software Foundation, Inc.
License GPLv3+: GNU GPL version 3 or later <http://gnu.org/licenses/gpl.html>
This is free software: you are free to change and redistribute it.
There is NO WARRANTY, to the extent permitted by law.  Type "show copying"
and "show warranty" for details.
This GDB was configured as "aarch64-redhat-linux-gnu".
Type "show configuration" for configuration details.
For bug reporting instructions, please see:
<http://www.gnu.org/software/gdb/bugs/>.
Find the GDB manual and other documentation resources online at:
<http://www.gnu.org/software/gdb/documentation/>.
For help, type "help".
Type "apropos word" to search for commands related to "word"...
Reading symbols from assign4.out...(no debugging symbols found)...done.
(gdb) display [K/i .[K$pc
1: x/i $pc
<error: No registers.>
(gdb) b main
Breakpoint 1 at 0x400778
(gdb) r
Starting program: /home/ugc/mila.hoogstraat/assign4.out 
warning: the debug information found in "/usr/lib/debug//usr/lib64/ld-2.27.so.debug" does not match "/lib/ld-linux-aarch64.so.1" (CRC mismatch).

Missing separate debuginfos, use: dnf debuginfo-install glibc-2.27-32.fc28.aarch64
warning: the debug information found in "/usr/lib/debug//lib64/libc-2.27.so.debug" does not match "/lib64/libc.so.6" (CRC mismatch).

warning: the debug information found in "/usr/lib/debug//usr/lib64/libc-2.27.so.debug" does not match "/lib64/libc.so.6" (CRC mismatch).


Breakpoint 1, 0x0000000000400778 in main ()
1: x/i $pc
=> 0x400778 <main+12>:	bl	0x400594 <point>
(gdb) ni
0x000000000040077c in main ()
1: x/i $pc
=> 0x40077c <main+16>:	add	x8, x29, #0x24
(gdb) 
0x0000000000400780 in main ()
1: x/i $pc
=> 0x400780 <main+20>:	bl	0x400594 <point>
(gdb) 
0x0000000000400784 in main ()
1: x/i $pc
=> 0x400784 <main+24>:	adrp	x0, 0x400000
(gdb) 
0x0000000000400788 in main ()
1: x/i $pc
=> 0x400788 <main+28>:	add	x0, x0, #0x5f0
(gdb) 
0x000000000040078c in main ()
1: x/i $pc
=> 0x40078c <main+32>:	bl	0x400480 <printf@plt>
(gdb) 
Initial box values: 
0x0000000000400790 in main ()
1: x/i $pc
=> 0x400790 <main+36>:	add	x0, x29, #0x10
(gdb) 
0x0000000000400794 in main ()
1: x/i $pc
=> 0x400794 <main+40>:	mov	w19, #0x1                   	// #1
(gdb) 
0x0000000000400798 in main ()
1: x/i $pc
=> 0x400798 <main+44>:	bl	0x40065c <print_boxes>
(gdb) 
Box 1 origin = (0, 0) width = 1 height = 1  area = 1 
0x000000000040079c in main ()
1: x/i $pc
=> 0x40079c <main+48>:	add	x0, x29, #0x24
(gdb) x.5d[K[K[K/5d $fp+16
0xfffffffff170:	1	0	0	65535
0xfffffffff180:	1
(gdb) x/d[K5d[K[K[K[Kx/5d $fp+16[K[K36
0xfffffffff184:	1	0	0	-3664
0xfffffffff194:	1
(gdb) 
0xfffffffff198:	1
(gdb) ni
0x00000000004007a0 in main ()
1: x/i $pc
=> 0x4007a0 <main+52>:	mov	w19, #0x2                   	// #2
(gdb) ni
0x00000000004007a4 in main ()
1: x/i $pc
=> 0x4007a4 <main+56>:	bl	0x40065c <print_boxes>
(gdb) ni
Box 2 origin = (0, 0) width = 1 height = 1  area = 1 
0x00000000004007a8 in main ()
1: x/i $pc
=> 0x4007a8 <main+60>:	add	x0, x29, #0x10
(gdb) ni[K[Kx/5d $fp+16
0xfffffffff170:	1	0	0	65535
0xfffffffff180:	1
(gdb) x/5d $fp+16[K[K32
0xfffffffff180:	1	1	0	0
0xfffffffff190:	-3664
(gdb) x/5d $fp+32[K6
0xfffffffff184:	1	0	0	-3664
0xfffffffff194:	1
(gdb) ni
0x00000000004007ac in main ()
1: x/i $pc
=> 0x4007ac <main+64>:	add	x1, x29, #0x24
(gdb) n[K
0x00000000004007b0 in main ()
1: x/i $pc
=> 0x4007b0 <main+68>:	bl	0x400714 <equal>
(gdb) 
0x00000000004007b4 in main ()
1: x/i $pc
=> 0x4007b4 <main+72>:	cmp	w23, #0x1
(gdb) 
0x00000000004007b8 in main ()
1: x/i $pc
=> 0x4007b8 <main+76>:	b.ne	0x400690 <changed_print>  // b.any
(gdb) 
0x00000000004007bc in main ()
1: x/i $pc
=> 0x4007bc <main+80>:	add	x0, x29, #0x10
(gdb) 
0x00000000004007c0 in main ()
1: x/i $pc
=> 0x4007c0 <main+84>:	mov	w19, #0xfffffffb            	// #-5
(gdb) 
0x00000000004007c4 in main ()
1: x/i $pc
=> 0x4007c4 <main+88>:	mov	w20, #0x7                   	// #7
(gdb) 
0x00000000004007c8 in main ()
1: x/i $pc
=> 0x4007c8 <main+92>:	bl	0x4006bc <move>
(gdb) 
0x00000000004007cc in main ()
1: x/i $pc
=> 0x4007cc <main+96>:	add	x0, x29, #0x24
(gdb) 
0x00000000004007d0 in main ()
1: x/i $pc
=> 0x4007d0 <main+100>:	mov	w19, #0x3                   	// #3
(gdb) 
0x00000000004007d4 in main ()
1: x/i $pc
=> 0x4007d4 <main+104>:	bl	0x4006e4 <expand>
(gdb) f[Kx/5d $fp+16
0xfffffffff170:	1	-5	7	65535
0xfffffffff180:	1
(gdb) x[Kx/5d $fp+16[K[K36
0xfffffffff184:	1	0	0	-3664
0xfffffffff194:	1
(gdb) n[Kni
0x00000000004007d8 in main ()
1: x/i $pc
=> 0x4007d8 <main+108>:	bl	0x400690 <changed_print>
(gdb) nix/5d $fp+3616
0xfffffffff170:	1	-5	7	65535
0xfffffffff180:	1
(gdb) x/5d $fp+16[C[C[C[C[C[Cni[Kx/5d $fp+361636
0xfffffffff184:	9	0	0	-3664
0xfffffffff194:	3
(gdb) c
Continuing.

Changed box values:
Box 1 origin = (-5, 7) width = 1 height = 9  area = 1 
Box 2 origin = (0, 0) width = 3 height = 3  area = 9 
[Inferior 1 (process 7939) exited with code 066]
(gdb) q
]0;mila.hoogstraat@csa3:~mila.hoogstraat@csa3:~$ exit
exit

Script done on 2018-11-09 15:51:50-07:00
